// Jest Snapshot v1, https://goo.gl/fbAQLP

exports[`DefaultHitComponent applies its default props 1`] = `
<div
  className="default-hit-card"
>
  <div
    className="default-hit-container"
  >
    <h4
      className="default-hit-title"
    >
      Test
    </h4>
    <div
      className="card-body"
    >
      {
  "id": "1",
  "resourceName": "Test",
  "note": "test"
}
    </div>
  </div>
</div>
`;
