// Jest Snapshot v1, https://goo.gl/fbAQLP

exports[`DefaultHitComponent applies its default props 1`] = `
<div
  className="default-hit-card"
>
  <div
    className="default-hit-container"
  >
    <h4
      className="default-hit-title"
    />
    <div
      className="card-body"
    />
  </div>
</div>
`;
