// Jest Snapshot v1, https://goo.gl/fbAQLP

exports[`HitsComponent applies its default props 1`] = `
<div>
  <div
    className="default-hit-no-results-found"
  />
  ;
</div>
`;
