// Jest Snapshot v1, https://goo.gl/fbAQLP

exports[`Loading Indicator applies its default props 1`] = `
<div>
  <span
    className=""
  />
</div>
`;
