// Jest Snapshot v1, https://goo.gl/fbAQLP

exports[`SearchBox applies its default props 1`] = `
<div>
  <form
    onSubmit={[Function]}
  >
    <input
      onChange={[Function]}
    />
    <button
      type="submit"
    />
  </form>
</div>
`;
